// Jest Snapshot v1, https://goo.gl/fbAQLP

exports[`<WithInputVaildator /> renders correctly 1`] = `
ShallowWrapper {
  "length": 1,
  Symbol(enzyme.__root__): [Circular],
  Symbol(enzyme.__unrendered__): <WithInputVaildator
    message="Invalid email"
    pattern="^([\\\\w.%+-]+)@([\\\\w-]+\\\\.)+([\\\\w]{2,})$"
    type="email"
  >
    <input />
  </WithInputVaildator>,
  Symbol(enzyme.__renderer__): Object {
    "batchedUpdates": [Function],
    "getNode": [Function],
    "render": [Function],
    "simulateEvent": [Function],
    "unmount": [Function],
  },
  Symbol(enzyme.__node__): Object {
    "instance": null,
    "key": undefined,
    "nodeType": "function",
    "props": Object {
      "children": Array [
        <input
          onChange={[Function]}
          onInvalid={[Function]}
          pattern="^([\\\\w.%+-]+)@([\\\\w-]+\\\\.)+([\\\\w]{2,})$"
          type="email"
        />,
      ],
    },
    "ref": null,
    "rendered": Array [
      Object {
        "instance": null,
        "key": ".0",
        "nodeType": "host",
        "props": Object {
          "onChange": [Function],
          "onInvalid": [Function],
          "pattern": "^([\\\\w.%+-]+)@([\\\\w-]+\\\\.)+([\\\\w]{2,})$",
          "type": "email",
        },
        "ref": null,
        "rendered": null,
        "type": "input",
      },
    ],
    "type": Symbol(react.fragment),
  },
  Symbol(enzyme.__nodes__): Array [
    Object {
      "instance": null,
      "key": undefined,
      "nodeType": "function",
      "props": Object {
        "children": Array [
          <input
            onChange={[Function]}
            onInvalid={[Function]}
            pattern="^([\\\\w.%+-]+)@([\\\\w-]+\\\\.)+([\\\\w]{2,})$"
            type="email"
          />,
        ],
      },
      "ref": null,
      "rendered": Array [
        Object {
          "instance": null,
          "key": ".0",
          "nodeType": "host",
          "props": Object {
            "onChange": [Function],
            "onInvalid": [Function],
            "pattern": "^([\\\\w.%+-]+)@([\\\\w-]+\\\\.)+([\\\\w]{2,})$",
            "type": "email",
          },
          "ref": null,
          "rendered": null,
          "type": "input",
        },
      ],
      "type": Symbol(react.fragment),
    },
  ],
  Symbol(enzyme.__options__): Object {
    "adapter": ReactSixteenAdapter {
      "options": Object {
        "enableComponentDidUpdateOnSetState": true,
      },
    },
  },
}
`;
